warning: unused import: `Model`
  --> core/src/discovery/mod.rs:57:37
   |
57 | use crate::models::{ConfigInstance, Model, ProviderInstance};
   |                                     ^^^^^
   |
   = note: `#[warn(unused_imports)]` (part of `#[warn(unused)]`) on by default

warning: unused import: `Model`
 --> core/src/utils/provider_model_tuple.rs:3:21
  |
3 | use crate::models::{Model, ProviderInstance};
  |                     ^^^^^

warning: unused import: `std::collections::HashMap`
   --> core/src/lib.rs:767:9
    |
767 |     use std::collections::HashMap;
    |         ^^^^^^^^^^^^^^^^^^^^^^^^^

warning: use of deprecated struct `plugins::PluginRegistry`: Use ProviderRegistry (HashMap) with helper functions instead
   --> core/src/lib.rs:141:5
    |
141 |     PluginRegistry, register_builtin_plugins,
    |     ^^^^^^^^^^^^^^
    |
    = note: `#[warn(deprecated)]` on by default

warning: use of deprecated function `plugins::register_builtin_plugins`: Use register_builtin_providers() instead
   --> core/src/lib.rs:141:21
    |
141 |     PluginRegistry, register_builtin_plugins,
    |                     ^^^^^^^^^^^^^^^^^^^^^^^^

warning: use of deprecated struct `plugins::PluginRegistry`: Use ProviderRegistry (HashMap) with helper functions instead
   --> core/src/lib.rs:452:40
    |
452 | fn create_default_registry() -> Result<PluginRegistry> {
    |                                        ^^^^^^^^^^^^^^

warning: use of deprecated struct `plugins::PluginRegistry`: Use ProviderRegistry (HashMap) with helper functions instead
   --> core/src/lib.rs:453:20
    |
453 |     let registry = PluginRegistry::new();
    |                    ^^^^^^^^^^^^^^

warning: use of deprecated function `plugins::register_builtin_plugins`: Use register_builtin_providers() instead
   --> core/src/lib.rs:456:5
    |
456 |     register_builtin_plugins(&registry)?;
    |     ^^^^^^^^^^^^^^^^^^^^^^^^

warning: use of deprecated struct `plugins::PluginRegistry`: Use ProviderRegistry (HashMap) with helper functions instead
   --> core/src/lib.rs:475:23
    |
475 |     plugin_registry: &PluginRegistry,
    |                       ^^^^^^^^^^^^^^

warning: use of deprecated struct `plugins::PluginRegistry`: Use ProviderRegistry (HashMap) with helper functions instead
   --> core/src/lib.rs:764:23
    |
764 |     plugin_registry: &PluginRegistry,
    |                       ^^^^^^^^^^^^^^

warning: use of deprecated struct `plugins::PluginRegistry`: Use ProviderRegistry (HashMap) with helper functions instead
   --> core/src/lib.rs:948:31
    |
948 | fn filter_registry(registry: &PluginRegistry, options: &ScanOptions) -> Result<PluginRegistry> {
    |                               ^^^^^^^^^^^^^^

warning: use of deprecated struct `plugins::PluginRegistry`: Use ProviderRegistry (HashMap) with helper functions instead
   --> core/src/lib.rs:948:80
    |
948 | fn filter_registry(registry: &PluginRegistry, options: &ScanOptions) -> Result<PluginRegistry> {
    |                                                                                ^^^^^^^^^^^^^^

warning: use of deprecated struct `plugins::PluginRegistry`: Use ProviderRegistry (HashMap) with helper functions instead
   --> core/src/lib.rs:949:29
    |
949 |     let filtered_registry = PluginRegistry::new();
    |                             ^^^^^^^^^^^^^^

warning: use of deprecated struct `plugins::PluginRegistry`: Use ProviderRegistry (HashMap) with helper functions instead
   --> core/src/plugins/mod.rs:191:26
    |
191 | impl std::fmt::Debug for PluginRegistry {
    |                          ^^^^^^^^^^^^^^

warning: use of deprecated struct `plugins::PluginRegistry`: Use ProviderRegistry (HashMap) with helper functions instead
   --> core/src/plugins/mod.rs:202:6
    |
202 | impl PluginRegistry {
    |      ^^^^^^^^^^^^^^

warning: use of deprecated struct `plugins::PluginRegistry`: Use ProviderRegistry (HashMap) with helper functions instead
   --> core/src/plugins/mod.rs:303:18
    |
303 | impl Default for PluginRegistry {
    |                  ^^^^^^^^^^^^^^

warning: use of deprecated struct `plugins::PluginRegistry`: Use ProviderRegistry (HashMap) with helper functions instead
   --> core/src/plugins/mod.rs:369:44
    |
369 | pub fn register_builtin_plugins(registry: &PluginRegistry) -> Result<()> {
    |                                            ^^^^^^^^^^^^^^

warning: use of deprecated struct `plugins::PluginRegistry`: Use ProviderRegistry (HashMap) with helper functions instead
   --> core/src/discovery/mod.rs:557:50
    |
557 |         plugin_registry: Option<&crate::plugins::PluginRegistry>,
    |                                                  ^^^^^^^^^^^^^^

warning: use of deprecated struct `plugins::PluginRegistry`: Use ProviderRegistry (HashMap) with helper functions instead
   --> core/src/discovery/mod.rs:805:50
    |
805 |         plugin_registry: Option<&crate::plugins::PluginRegistry>,
    |                                                  ^^^^^^^^^^^^^^

warning: use of deprecated struct `plugins::PluginRegistry`: Use ProviderRegistry (HashMap) with helper functions instead
  --> core/src/discovery/claude_desktop.rs:81:50
   |
81 |         plugin_registry: Option<&crate::plugins::PluginRegistry>,
   |                                                  ^^^^^^^^^^^^^^

warning: use of deprecated struct `plugins::PluginRegistry`: Use ProviderRegistry (HashMap) with helper functions instead
   --> core/src/discovery/claude_desktop.rs:167:50
    |
167 |         plugin_registry: Option<&crate::plugins::PluginRegistry>,
    |                                                  ^^^^^^^^^^^^^^

warning: use of deprecated struct `plugins::PluginRegistry`: Use ProviderRegistry (HashMap) with helper functions instead
   --> core/src/discovery/gsh.rs:108:50
    |
108 |         plugin_registry: Option<&crate::plugins::PluginRegistry>,
    |                                                  ^^^^^^^^^^^^^^

warning: use of deprecated struct `plugins::PluginRegistry`: Use ProviderRegistry (HashMap) with helper functions instead
   --> core/src/discovery/gsh.rs:203:50
    |
203 |         plugin_registry: Option<&crate::plugins::PluginRegistry>,
    |                                                  ^^^^^^^^^^^^^^

warning: use of deprecated struct `plugins::PluginRegistry`: Use ProviderRegistry (HashMap) with helper functions instead
   --> core/src/discovery/roo_code.rs:256:50
    |
256 |         plugin_registry: Option<&crate::plugins::PluginRegistry>,
    |                                                  ^^^^^^^^^^^^^^

warning: use of deprecated field `plugins::PluginRegistry::plugins`: Use ProviderRegistry (HashMap) with helper functions instead
   --> core/src/plugins/mod.rs:196:42
    |
196 |                 &format!("<{} plugins>", self.plugins.read().unwrap().len()),
    |                                          ^^^^^^^^^^^^

warning: use of deprecated field `plugins::PluginRegistry::plugins`: Use ProviderRegistry (HashMap) with helper functions instead
   --> core/src/plugins/mod.rs:207:13
    |
207 |             plugins: Arc::new(RwLock::new(HashMap::new())),
    |             ^^^^^^^^^^^^^^^^^^^^^^^^^^^^^^^^^^^^^^^^^^^^^^

warning: use of deprecated field `plugins::PluginRegistry::plugins`: Use ProviderRegistry (HashMap) with helper functions instead
   --> core/src/plugins/mod.rs:216:27
    |
216 |         let mut plugins = self.plugins.write().map_err(|_| {
    |                           ^^^^^^^^^^^^

warning: use of deprecated field `plugins::PluginRegistry::plugins`: Use ProviderRegistry (HashMap) with helper functions instead
   --> core/src/plugins/mod.rs:234:9
    |
234 |         self.plugins
    |         ^^^^^^^^^^^^

warning: use of deprecated field `plugins::PluginRegistry::plugins`: Use ProviderRegistry (HashMap) with helper functions instead
   --> core/src/plugins/mod.rs:243:9
    |
243 |         self.plugins
    |         ^^^^^^^^^^^^

warning: use of deprecated field `plugins::PluginRegistry::plugins`: Use ProviderRegistry (HashMap) with helper functions instead
   --> core/src/plugins/mod.rs:255:12
    |
255 |           Ok(self
    |  ____________^
256 | |             .plugins
    | |____________________^

warning: use of deprecated field `plugins::PluginRegistry::plugins`: Use ProviderRegistry (HashMap) with helper functions instead
   --> core/src/plugins/mod.rs:267:9
    |
267 |         self.plugins
    |         ^^^^^^^^^^^^

warning: use of deprecated field `plugins::PluginRegistry::plugins`: Use ProviderRegistry (HashMap) with helper functions instead
   --> core/src/plugins/mod.rs:277:9
    |
277 |         self.plugins.read().ok().map_or(0, |plugins| plugins.len())
    |         ^^^^^^^^^^^^

